../Core/Src/main.c:84:5:main	8	static
../Core/Src/main.c:166:6:SystemClock_Config	88	static
../Core/Src/main.c:208:13:MX_USART1_UART_Init	8	static
../Core/Src/main.c:241:13:MX_USART2_UART_Init	8	static
../Core/Src/main.c:274:13:MX_USART6_UART_Init	8	static
../Core/Src/main.c:305:13:MX_DMA_Init	16	static
../Core/Src/main.c:323:13:MX_GPIO_Init	40	static
../Core/Src/main.c:348:6:HAL_UART_RxCpltCallback	16	static
../Core/Src/main.c:365:6:StartDefaultTask	16	static
../Core/Src/main.c:385:6:Error_Handler	4	static,ignoring_inline_asm
